// Jest Snapshot v1, https://goo.gl/fbAQLP

exports[`validateTrip — golden snapshots (characterization) allClear: full warnings array is stable 1`] = `[]`;

exports[`validateTrip — golden snapshots (characterization) closedDarkDay: full warnings array is stable 1`] = `
[
  {
    "actIds": [
      "Gallery",
    ],
    "dayIndex": 0,
    "hint": "Move it to a day it’s open, or check the venue’s hours.",
    "icon": "🔒",
    "message": ""Gallery" looks closed that day.",
    "severity": "error",
    "title": "Closed that day",
    "type": "closed_venue",
    "verifyUrl": "https://www.google.com/maps/search/?api=1&query=Gallery",
  },
]
`;

exports[`validateTrip — golden snapshots (characterization) closedSeasonal: full warnings array is stable 1`] = `
[
  {
    "actIds": [
      "Riverside Water Park",
    ],
    "dayIndex": 0,
    "hint": "Tap to check the venue’s current hours.",
    "icon": "🗓️",
    "message": ""Riverside Water Park" may keep seasonal hours — the times we have are a snapshot and might not match your travel dates.",
    "severity": "info",
    "title": "Verify hours for your dates",
    "type": "closed_venue",
    "verifyUrl": "https://www.google.com/maps/search/?api=1&query=Riverside%20Water%20Park",
  },
]
`;

exports[`validateTrip — golden snapshots (characterization) closedTimeEdge: full warnings array is stable 1`] = `
[
  {
    "actIds": [
      "Cafe",
    ],
    "dayIndex": 0,
    "hint": "Shift it into the open window, or double-check.",
    "icon": "🕐",
    "message": ""Cafe" is at 20:00, but it’s open 9 AM–5 PM that day.",
    "severity": "warning",
    "title": "Outside opening hours",
    "type": "closed_venue",
    "verifyUrl": "https://www.google.com/maps/search/?api=1&query=Cafe",
  },
]
`;

exports[`validateTrip — golden snapshots (characterization) longJourney: full warnings array is stable 1`] = `
[
  {
    "dayIndex": 1,
    "hint": "Add arrival/departure transport, hotel check-in, or any planned activities.",
    "icon": "📅",
    "message": "Day 2 (2026-06-13) has nothing planned.",
    "severity": "info",
    "title": "No activities planned",
    "type": "empty_day",
  },
  {
    "dayIndex": 0,
    "hint": "Add a hotel check-in (set its nights), or mark it as an overnight journey or a stay at home.",
    "icon": "🛏️",
    "message": "No accommodation is booked for the night of Day 1 (2026-06-12).",
    "severity": "warning",
    "title": "No place to stay that night",
    "type": "unbooked_night",
  },
  {
    "actIds": [
      "Flight",
      "Museum",
      "Dinner",
    ],
    "dayIndex": 0,
    "hint": "Move the other activities to Day 2.",
    "icon": "✈️",
    "impactedActivities": [
      {
        "id": "Museum",
        "name": "Museum",
        "suggestedDayIndex": 1,
        "suggestedDayLabel": "Day 2",
        "time": "15:00",
      },
      {
        "id": "Dinner",
        "name": "Dinner",
        "suggestedDayIndex": 1,
        "suggestedDayLabel": "Day 2",
        "time": "19:00",
      },
    ],
    "message": ""Flight" takes 7h. The 2 other activities on this day may not be reachable.",
    "severity": "error",
    "title": "Long journey — other activities affected",
    "type": "long_journey_conflict",
  },
]
`;

exports[`validateTrip — golden snapshots (characterization) multiCity: full warnings array is stable 1`] = `
[
  {
    "actIds": [
      "Louvre",
      "Basilica",
    ],
    "dayIndex": 0,
    "hint": "Keep each city to its own day, or add the inter-city transport.",
    "icon": "🗺️",
    "message": "This day mixes Paris and Lyon. Travelling between cities mid-day can eat hours.",
    "severity": "warning",
    "title": "Activities in multiple cities",
    "type": "multi_city_day",
  },
]
`;

exports[`validateTrip — golden snapshots (characterization) overlapBig: full warnings array is stable 1`] = `
[
  {
    "actIds": [
      "Tour",
      "Show",
    ],
    "dayIndex": 0,
    "hint": "Move "Show" to 12:00 or later.",
    "icon": "⏱",
    "impactedActivities": [
      {
        "id": "Show",
        "name": "Show",
        "suggestedTime": "12:00",
        "time": "10:00",
      },
    ],
    "message": ""Tour" typically takes 3h, overlapping with "Show" by ~120 min.",
    "moveActId": "Show",
    "moveActName": "Show",
    "severity": "warning",
    "suggestedTime": "12:00",
    "title": "Schedule overlap",
    "type": "overlap",
  },
]
`;

exports[`validateTrip — golden snapshots (characterization) travelTight: full warnings array is stable 1`] = `
[
  {
    "actIds": [
      "Spot A",
      "Spot B",
    ],
    "dayIndex": 0,
    "hint": "Start "Spot B" around 11:30 or later, or add the drive between them.",
    "icon": "🚗",
    "impactedActivities": [
      {
        "id": "Spot B",
        "name": "Spot B",
        "suggestedTime": "11:30",
        "time": "11:10",
      },
    ],
    "message": ""Spot B" starts 10 min after "Spot A" ends, but they're ~10.0 km apart (~30 min drive).",
    "moveActId": "Spot B",
    "moveActName": "Spot B",
    "severity": "info",
    "suggestedTime": "11:30",
    "title": "Tight travel time",
    "type": "travel_time",
  },
]
`;

exports[`validateTrip — invariants that must survive any refactor summary counts are locked per fixture (survives jest -u) 1`] = `
{
  "allClear": {
    "errors": 0,
    "infos": 0,
    "warnings": 0,
  },
  "closedDarkDay": {
    "errors": 1,
    "infos": 0,
    "warnings": 0,
  },
  "closedSeasonal": {
    "errors": 0,
    "infos": 1,
    "warnings": 0,
  },
  "closedTimeEdge": {
    "errors": 0,
    "infos": 0,
    "warnings": 1,
  },
  "longJourney": {
    "errors": 1,
    "infos": 1,
    "warnings": 1,
  },
  "multiCity": {
    "errors": 0,
    "infos": 0,
    "warnings": 1,
  },
  "overlapBig": {
    "errors": 0,
    "infos": 0,
    "warnings": 1,
  },
  "travelTight": {
    "errors": 0,
    "infos": 1,
    "warnings": 0,
  },
}
`;
